72.1.111.145 - - [05/Mar/2018:23:03:48 +0000] "GET /admin/fails/all HTTP/1.1" 200 27 "http://67.176.119.106:8000/admin/statistics" "Mozilla/5.0 (X11; CrOS x86_64 10032.86.0) AppleWebKit/537.36 (KHTML, like Gecko) Chrome/63.0.3239.140 Safari/537.36"
72.1.111.145 - - [05/Mar/2018:23:03:48 +0000] "GET /admin/graphs/categories HTTP/1.1" 200 164 "http://67.176.119.106:8000/admin/statistics" "Mozilla/5.0 (X11; CrOS x86_64 10032.86.0) AppleWebKit/537.36 (KHTML, like Gecko) Chrome/63.0.3239.140 Safari/537.36"
72.1.111.145 - - [05/Mar/2018:23:03:48 +0000] "GET /admin/graphs/solve-percentages HTTP/1.1" 200 356 "http://67.176.119.106:8000/admin/statistics" "Mozilla/5.0 (X11; CrOS x86_64 10032.86.0) AppleWebKit/537.36 (KHTML, like Gecko) Chrome/63.0.3239.140 Safari/537.36"
73.95.134.230 - - [05/Mar/2018:23:07:15 +0000] "GET /solves HTTP/1.1" 200 718 "http://67.176.119.106:8000/challenges" "Mozilla/5.0 (Macintosh; Intel Mac OS X 10_11_6) AppleWebKit/537.36 (KHTML, like Gecko) Chrome/64.0.3282.186 Safari/537.36"
73.95.134.230 - - [05/Mar/2018:23:07:15 +0000] "GET /chals HTTP/1.1" 200 3133 "http://67.176.119.106:8000/challenges" "Mozilla/5.0 (Macintosh; Intel Mac OS X 10_11_6) AppleWebKit/537.36 (KHTML, like Gecko) Chrome/64.0.3282.186 Safari/537.36"
73.95.134.230 - - [05/Mar/2018:23:07:15 +0000] "GET /chals/solves HTTP/1.1" 200 44 "http://67.176.119.106:8000/challenges" "Mozilla/5.0 (Macintosh; Intel Mac OS X 10_11_6) AppleWebKit/537.36 (KHTML, like Gecko) Chrome/64.0.3282.186 Safari/537.36"
72.1.111.145 - - [05/Mar/2018:23:08:48 +0000] "GET /admin/graphs/categories HTTP/1.1" 200 164 "http://67.176.119.106:8000/admin/statistics" "Mozilla/5.0 (X11; CrOS x86_64 10032.86.0) AppleWebKit/537.36 (KHTML, like Gecko) Chrome/63.0.3239.140 Safari/537.36"
72.1.111.145 - - [05/Mar/2018:23:08:48 +0000] "GET /admin/graphs/solve-percentages HTTP/1.1" 200 356 "http://67.176.119.106:8000/admin/statistics" "Mozilla/5.0 (X11; CrOS x86_64 10032.86.0) AppleWebKit/537.36 (KHTML, like Gecko) Chrome/63.0.3239.140 Safari/537.36"
72.1.111.145 - - [05/Mar/2018:23:08:48 +0000] "GET /admin/fails/all HTTP/1.1" 200 27 "http://67.176.119.106:8000/admin/statistics" "Mozilla/5.0 (X11; CrOS x86_64 10032.86.0) AppleWebKit/537.36 (KHTML, like Gecko) Chrome/63.0.3239.140 Safari/537.36"
72.1.111.145 - - [05/Mar/2018:23:08:48 +0000] "GET /admin/graphs/solves HTTP/1.1" 200 10 "http://67.176.119.106:8000/admin/statistics" "Mozilla/5.0 (X11; CrOS x86_64 10032.86.0) AppleWebKit/537.36 (KHTML, like Gecko) Chrome/63.0.3239.140 Safari/537.36"
73.95.134.230 - - [05/Mar/2018:23:12:15 +0000] "GET /solves HTTP/1.1" 200 718 "http://67.176.119.106:8000/challenges" "Mozilla/5.0 (Macintosh; Intel Mac OS X 10_11_6) AppleWebKit/537.36 (KHTML, like Gecko) Chrome/64.0.3282.186 Safari/537.36"
73.95.134.230 - - [05/Mar/2018:23:12:15 +0000] "GET /chals HTTP/1.1" 200 3133 "http://67.176.119.106:8000/challenges" "Mozilla/5.0 (Macintosh; Intel Mac OS X 10_11_6) AppleWebKit/537.36 (KHTML, like Gecko) Chrome/64.0.3282.186 Safari/537.36"
73.95.134.230 - - [05/Mar/2018:23:12:15 +0000] "GET /chals/solves HTTP/1.1" 200 44 "http://67.176.119.106:8000/challenges" "Mozilla/5.0 (Macintosh; Intel Mac OS X 10_11_6) AppleWebKit/537.36 (KHTML, like Gecko) Chrome/64.0.3282.186 Safari/537.36"
72.1.111.145 - - [05/Mar/2018:23:13:48 +0000] "GET /admin/graphs/solves HTTP/1.1" 200 10 "http://67.176.119.106:8000/admin/statistics" "Mozilla/5.0 (X11; CrOS x86_64 10032.86.0) AppleWebKit/537.36 (KHTML, like Gecko) Chrome/63.0.3239.140 Safari/537.36"
72.1.111.145 - - [05/Mar/2018:23:13:48 +0000] "GET /admin/graphs/solve-percentages HTTP/1.1" 200 356 "http://67.176.119.106:8000/admin/statistics" "Mozilla/5.0 (X11; CrOS x86_64 10032.86.0) AppleWebKit/537.36 (KHTML, like Gecko) Chrome/63.0.3239.140 Safari/537.36"
72.1.111.145 - - [05/Mar/2018:23:13:48 +0000] "GET /admin/fails/all HTTP/1.1" 200 27 "http://67.176.119.106:8000/admin/statistics" "Mozilla/5.0 (X11; CrOS x86_64 10032.86.0) AppleWebKit/537.36 (KHTML, like Gecko) Chrome/63.0.3239.140 Safari/537.36"
72.1.111.145 - - [05/Mar/2018:23:13:48 +0000] "GET /admin/graphs/categories HTTP/1.1" 200 164 "http://67.176.119.106:8000/admin/statistics" "Mozilla/5.0 (X11; CrOS x86_64 10032.86.0) AppleWebKit/537.36 (KHTML, like Gecko) Chrome/63.0.3239.140 Safari/537.36"
73.95.134.230 - - [05/Mar/2018:23:17:15 +0000] "GET /solves HTTP/1.1" 200 718 "http://67.176.119.106:8000/challenges" "Mozilla/5.0 (Macintosh; Intel Mac OS X 10_11_6) AppleWebKit/537.36 (KHTML, like Gecko) Chrome/64.0.3282.186 Safari/537.36"
73.95.134.230 - - [05/Mar/2018:23:17:15 +0000] "GET /chals HTTP/1.1" 200 3133 "http://67.176.119.106:8000/challenges" "Mozilla/5.0 (Macintosh; Intel Mac OS X 10_11_6) AppleWebKit/537.36 (KHTML, like Gecko) Chrome/64.0.3282.186 Safari/537.36"
73.95.134.230 - - [05/Mar/2018:23:17:15 +0000] "GET /chals/solves HTTP/1.1" 200 44 "http://67.176.119.106:8000/challenges" "Mozilla/5.0 (Macintosh; Intel Mac OS X 10_11_6) AppleWebKit/537.36 (KHTML, like Gecko) Chrome/64.0.3282.186 Safari/537.36"
72.1.111.145 - - [05/Mar/2018:23:18:48 +0000] "GET /admin/fails/all HTTP/1.1" 200 27 "http://67.176.119.106:8000/admin/statistics" "Mozilla/5.0 (X11; CrOS x86_64 10032.86.0) AppleWebKit/537.36 (KHTML, like Gecko) Chrome/63.0.3239.140 Safari/537.36"
72.1.111.145 - - [05/Mar/2018:23:18:48 +0000] "GET /admin/graphs/categories HTTP/1.1" 200 164 "http://67.176.119.106:8000/admin/statistics" "Mozilla/5.0 (X11; CrOS x86_64 10032.86.0) AppleWebKit/537.36 (KHTML, like Gecko) Chrome/63.0.3239.140 Safari/537.36"
72.1.111.145 - - [05/Mar/2018:23:18:48 +0000] "GET /admin/graphs/solves HTTP/1.1" 200 10 "http://67.176.119.106:8000/admin/statistics" "Mozilla/5.0 (X11; CrOS x86_64 10032.86.0) AppleWebKit/537.36 (KHTML, like Gecko) Chrome/63.0.3239.140 Safari/537.36"
72.1.111.145 - - [05/Mar/2018:23:18:48 +0000] "GET /admin/graphs/solve-percentages HTTP/1.1" 200 356 "http://67.176.119.106:8000/admin/statistics" "Mozilla/5.0 (X11; CrOS x86_64 10032.86.0) AppleWebKit/537.36 (KHTML, like Gecko) Chrome/63.0.3239.140 Safari/537.36"
73.95.134.230 - - [05/Mar/2018:23:22:15 +0000] "GET /solves HTTP/1.1" 200 718 "http://67.176.119.106:8000/challenges" "Mozilla/5.0 (Macintosh; Intel Mac OS X 10_11_6) AppleWebKit/537.36 (KHTML, like Gecko) Chrome/64.0.3282.186 Safari/537.36"
73.95.134.230 - - [05/Mar/2018:23:22:15 +0000] "GET /chals HTTP/1.1" 200 3133 "http://67.176.119.106:8000/challenges" "Mozilla/5.0 (Macintosh; Intel Mac OS X 10_11_6) AppleWebKit/537.36 (KHTML, like Gecko) Chrome/64.0.3282.186 Safari/537.36"
73.95.134.230 - - [05/Mar/2018:23:22:15 +0000] "GET /chals/solves HTTP/1.1" 200 44 "http://67.176.119.106:8000/challenges" "Mozilla/5.0 (Macintosh; Intel Mac OS X 10_11_6) AppleWebKit/537.36 (KHTML, like Gecko) Chrome/64.0.3282.186 Safari/537.36"
73.95.134.230 - - [05/Mar/2018:23:23:17 +0000] "GET / HTTP/1.1" 200 3599 "http://introctf.com/" "Mozilla/5.0 (Macintosh; Intel Mac OS X 10_11_6) AppleWebKit/537.36 (KHTML, like Gecko) Chrome/64.0.3282.186 Safari/537.36"
73.95.134.230 - - [05/Mar/2018:23:23:17 +0000] "GET /static/user.css HTTP/1.1" 200 - "http://67.176.119.106:8000/" "Mozilla/5.0 (Macintosh; Intel Mac OS X 10_11_6) AppleWebKit/537.36 (KHTML, like Gecko) Chrome/64.0.3282.186 Safari/537.36"
73.95.134.230 - - [05/Mar/2018:23:23:20 +0000] "GET /challenges HTTP/1.1" 200 3963 "http://67.176.119.106:8000/" "Mozilla/5.0 (Macintosh; Intel Mac OS X 10_11_6) AppleWebKit/537.36 (KHTML, like Gecko) Chrome/64.0.3282.186 Safari/537.36"
73.95.134.230 - - [05/Mar/2018:23:23:20 +0000] "GET /static/user.css HTTP/1.1" 200 - "http://67.176.119.106:8000/challenges" "Mozilla/5.0 (Macintosh; Intel Mac OS X 10_11_6) AppleWebKit/537.36 (KHTML, like Gecko) Chrome/64.0.3282.186 Safari/537.36"
73.95.134.230 - - [05/Mar/2018:23:23:21 +0000] "GET /solves HTTP/1.1" 200 718 "http://67.176.119.106:8000/challenges" "Mozilla/5.0 (Macintosh; Intel Mac OS X 10_11_6) AppleWebKit/537.36 (KHTML, like Gecko) Chrome/64.0.3282.186 Safari/537.36"
73.95.134.230 - - [05/Mar/2018:23:23:21 +0000] "GET /chals HTTP/1.1" 200 3133 "http://67.176.119.106:8000/challenges" "Mozilla/5.0 (Macintosh; Intel Mac OS X 10_11_6) AppleWebKit/537.36 (KHTML, like Gecko) Chrome/64.0.3282.186 Safari/537.36"
73.95.134.230 - - [05/Mar/2018:23:23:21 +0000] "GET /chals/solves HTTP/1.1" 200 44 "http://67.176.119.106:8000/challenges" "Mozilla/5.0 (Macintosh; Intel Mac OS X 10_11_6) AppleWebKit/537.36 (KHTML, like Gecko) Chrome/64.0.3282.186 Safari/537.36"
73.95.134.230 - - [05/Mar/2018:23:23:24 +0000] "GET /plugins/challenges/assets/standard-challenge-modal.js?_=1520292200839 HTTP/1.1" 200 - "http://67.176.119.106:8000/challenges" "Mozilla/5.0 (Macintosh; Intel Mac OS X 10_11_6) AppleWebKit/537.36 (KHTML, like Gecko) Chrome/64.0.3282.186 Safari/537.36"
73.95.134.230 - - [05/Mar/2018:23:23:33 +0000] "GET /chals HTTP/1.1" 200 3133 "http://67.176.119.106:8000/challenges" "Mozilla/5.0 (Macintosh; Intel Mac OS X 10_11_6) AppleWebKit/537.36 (KHTML, like Gecko) Chrome/64.0.3282.186 Safari/537.36"
73.95.134.230 - - [05/Mar/2018:23:23:33 +0000] "GET /chals/solves HTTP/1.1" 200 44 "http://67.176.119.106:8000/challenges" "Mozilla/5.0 (Macintosh; Intel Mac OS X 10_11_6) AppleWebKit/537.36 (KHTML, like Gecko) Chrome/64.0.3282.186 Safari/537.36"
73.95.134.230 - - [05/Mar/2018:23:23:33 +0000] "GET /plugins/challenges/assets/standard-challenge-modal.js?_=1520292212773 HTTP/1.1" 200 - "http://67.176.119.106:8000/challenges" "Mozilla/5.0 (Macintosh; Intel Mac OS X 10_11_6) AppleWebKit/537.36 (KHTML, like Gecko) Chrome/64.0.3282.186 Safari/537.36"
72.1.111.145 - - [05/Mar/2018:23:23:58 +0000] "GET /admin/graphs/solves HTTP/1.1" 200 10 "http://67.176.119.106:8000/admin/statistics" "Mozilla/5.0 (X11; CrOS x86_64 10032.86.0) AppleWebKit/537.36 (KHTML, like Gecko) Chrome/63.0.3239.140 Safari/537.36"
72.1.111.145 - - [05/Mar/2018:23:23:58 +0000] "GET /admin/graphs/solve-percentages HTTP/1.1" 200 356 "http://67.176.119.106:8000/admin/statistics" "Mozilla/5.0 (X11; CrOS x86_64 10032.86.0) AppleWebKit/537.36 (KHTML, like Gecko) Chrome/63.0.3239.140 Safari/537.36"
72.1.111.145 - - [05/Mar/2018:23:23:58 +0000] "GET /admin/fails/all HTTP/1.1" 200 27 "http://67.176.119.106:8000/admin/statistics" "Mozilla/5.0 (X11; CrOS x86_64 10032.86.0) AppleWebKit/537.36 (KHTML, like Gecko) Chrome/63.0.3239.140 Safari/537.36"
72.1.111.145 - - [05/Mar/2018:23:23:58 +0000] "GET /admin/graphs/categories HTTP/1.1" 200 164 "http://67.176.119.106:8000/admin/statistics" "Mozilla/5.0 (X11; CrOS x86_64 10032.86.0) AppleWebKit/537.36 (KHTML, like Gecko) Chrome/63.0.3239.140 Safari/537.36"
73.95.134.230 - - [05/Mar/2018:23:27:15 +0000] "GET /solves HTTP/1.1" 200 718 "http://67.176.119.106:8000/challenges" "Mozilla/5.0 (Macintosh; Intel Mac OS X 10_11_6) AppleWebKit/537.36 (KHTML, like Gecko) Chrome/64.0.3282.186 Safari/537.36"
73.95.134.230 - - [05/Mar/2018:23:27:15 +0000] "GET /chals HTTP/1.1" 200 3133 "http://67.176.119.106:8000/challenges" "Mozilla/5.0 (Macintosh; Intel Mac OS X 10_11_6) AppleWebKit/537.36 (KHTML, like Gecko) Chrome/64.0.3282.186 Safari/537.36"
73.95.134.230 - - [05/Mar/2018:23:27:15 +0000] "GET /chals/solves HTTP/1.1" 200 44 "http://67.176.119.106:8000/challenges" "Mozilla/5.0 (Macintosh; Intel Mac OS X 10_11_6) AppleWebKit/537.36 (KHTML, like Gecko) Chrome/64.0.3282.186 Safari/537.36"
73.95.134.230 - - [05/Mar/2018:23:28:34 +0000] "GET /solves HTTP/1.1" 200 718 "http://67.176.119.106:8000/challenges" "Mozilla/5.0 (Macintosh; Intel Mac OS X 10_11_6) AppleWebKit/537.36 (KHTML, like Gecko) Chrome/64.0.3282.186 Safari/537.36"
73.95.134.230 - - [05/Mar/2018:23:28:34 +0000] "GET /chals HTTP/1.1" 200 3133 "http://67.176.119.106:8000/challenges" "Mozilla/5.0 (Macintosh; Intel Mac OS X 10_11_6) AppleWebKit/537.36 (KHTML, like Gecko) Chrome/64.0.3282.186 Safari/537.36"
73.95.134.230 - - [05/Mar/2018:23:28:34 +0000] "GET /chals/solves HTTP/1.1" 200 44 "http://67.176.119.106:8000/challenges" "Mozilla/5.0 (Macintosh; Intel Mac OS X 10_11_6) AppleWebKit/537.36 (KHTML, like Gecko) Chrome/64.0.3282.186 Safari/537.36"
72.1.111.145 - - [05/Mar/2018:23:28:58 +0000] "GET /admin/graphs/solves HTTP/1.1" 200 10 "http://67.176.119.106:8000/admin/statistics" "Mozilla/5.0 (X11; CrOS x86_64 10032.86.0) AppleWebKit/537.36 (KHTML, like Gecko) Chrome/63.0.3239.140 Safari/537.36"
72.1.111.145 - - [05/Mar/2018:23:28:58 +0000] "GET /admin/graphs/categories HTTP/1.1" 200 164 "http://67.176.119.106:8000/admin/statistics" "Mozilla/5.0 (X11; CrOS x86_64 10032.86.0) AppleWebKit/537.36 (KHTML, like Gecko) Chrome/63.0.3239.140 Safari/537.36"
72.1.111.145 - - [05/Mar/2018:23:28:58 +0000] "GET /admin/graphs/solve-percentages HTTP/1.1" 200 356 "http://67.176.119.106:8000/admin/statistics" "Mozilla/5.0 (X11; CrOS x86_64 10032.86.0) AppleWebKit/537.36 (KHTML, like Gecko) Chrome/63.0.3239.140 Safari/537.36"
72.1.111.145 - - [05/Mar/2018:23:28:58 +0000] "GET /admin/fails/all HTTP/1.1" 200 27 "http://67.176.119.106:8000/admin/statistics" "Mozilla/5.0 (X11; CrOS x86_64 10032.86.0) AppleWebKit/537.36 (KHTML, like Gecko) Chrome/63.0.3239.140 Safari/537.36"
73.95.134.230 - - [05/Mar/2018:23:32:14 +0000] "GET /solves HTTP/1.1" 200 718 "http://67.176.119.106:8000/challenges" "Mozilla/5.0 (Macintosh; Intel Mac OS X 10_11_6) AppleWebKit/537.36 (KHTML, like Gecko) Chrome/64.0.3282.186 Safari/537.36"
73.95.134.230 - - [05/Mar/2018:23:32:15 +0000] "GET /chals HTTP/1.1" 200 3133 "http://67.176.119.106:8000/challenges" "Mozilla/5.0 (Macintosh; Intel Mac OS X 10_11_6) AppleWebKit/537.36 (KHTML, like Gecko) Chrome/64.0.3282.186 Safari/537.36"
73.95.134.230 - - [05/Mar/2018:23:32:15 +0000] "GET /chals/solves HTTP/1.1" 200 44 "http://67.176.119.106:8000/challenges" "Mozilla/5.0 (Macintosh; Intel Mac OS X 10_11_6) AppleWebKit/537.36 (KHTML, like Gecko) Chrome/64.0.3282.186 Safari/537.36"
73.95.134.230 - - [05/Mar/2018:23:33:33 +0000] "GET /solves HTTP/1.1" 200 718 "http://67.176.119.106:8000/challenges" "Mozilla/5.0 (Macintosh; Intel Mac OS X 10_11_6) AppleWebKit/537.36 (KHTML, like Gecko) Chrome/64.0.3282.186 Safari/537.36"
73.95.134.230 - - [05/Mar/2018:23:33:34 +0000] "GET /chals HTTP/1.1" 200 3133 "http://67.176.119.106:8000/challenges" "Mozilla/5.0 (Macintosh; Intel Mac OS X 10_11_6) AppleWebKit/537.36 (KHTML, like Gecko) Chrome/64.0.3282.186 Safari/537.36"
73.95.134.230 - - [05/Mar/2018:23:33:34 +0000] "GET /chals/solves HTTP/1.1" 200 44 "http://67.176.119.106:8000/challenges" "Mozilla/5.0 (Macintosh; Intel Mac OS X 10_11_6) AppleWebKit/537.36 (KHTML, like Gecko) Chrome/64.0.3282.186 Safari/537.36"
72.1.111.145 - - [05/Mar/2018:23:33:58 +0000] "GET /admin/fails/all HTTP/1.1" 200 27 "http://67.176.119.106:8000/admin/statistics" "Mozilla/5.0 (X11; CrOS x86_64 10032.86.0) AppleWebKit/537.36 (KHTML, like Gecko) Chrome/63.0.3239.140 Safari/537.36"
72.1.111.145 - - [05/Mar/2018:23:33:58 +0000] "GET /admin/graphs/solves HTTP/1.1" 200 10 "http://67.176.119.106:8000/admin/statistics" "Mozilla/5.0 (X11; CrOS x86_64 10032.86.0) AppleWebKit/537.36 (KHTML, like Gecko) Chrome/63.0.3239.140 Safari/537.36"
72.1.111.145 - - [05/Mar/2018:23:33:58 +0000] "GET /admin/graphs/categories HTTP/1.1" 200 164 "http://67.176.119.106:8000/admin/statistics" "Mozilla/5.0 (X11; CrOS x86_64 10032.86.0) AppleWebKit/537.36 (KHTML, like Gecko) Chrome/63.0.3239.140 Safari/537.36"
72.1.111.145 - - [05/Mar/2018:23:33:58 +0000] "GET /admin/graphs/solve-percentages HTTP/1.1" 200 356 "http://67.176.119.106:8000/admin/statistics" "Mozilla/5.0 (X11; CrOS x86_64 10032.86.0) AppleWebKit/537.36 (KHTML, like Gecko) Chrome/63.0.3239.140 Safari/537.36"
73.95.134.230 - - [05/Mar/2018:23:37:15 +0000] "GET /solves HTTP/1.1" 200 718 "http://67.176.119.106:8000/challenges" "Mozilla/5.0 (Macintosh; Intel Mac OS X 10_11_6) AppleWebKit/537.36 (KHTML, like Gecko) Chrome/64.0.3282.186 Safari/537.36"
73.95.134.230 - - [05/Mar/2018:23:37:15 +0000] "GET /chals HTTP/1.1" 200 3133 "http://67.176.119.106:8000/challenges" "Mozilla/5.0 (Macintosh; Intel Mac OS X 10_11_6) AppleWebKit/537.36 (KHTML, like Gecko) Chrome/64.0.3282.186 Safari/537.36"
73.95.134.230 - - [05/Mar/2018:23:37:15 +0000] "GET /chals/solves HTTP/1.1" 200 44 "http://67.176.119.106:8000/challenges" "Mozilla/5.0 (Macintosh; Intel Mac OS X 10_11_6) AppleWebKit/537.36 (KHTML, like Gecko) Chrome/64.0.3282.186 Safari/537.36"
73.95.134.230 - - [05/Mar/2018:23:38:34 +0000] "GET /solves HTTP/1.1" 200 718 "http://67.176.119.106:8000/challenges" "Mozilla/5.0 (Macintosh; Intel Mac OS X 10_11_6) AppleWebKit/537.36 (KHTML, like Gecko) Chrome/64.0.3282.186 Safari/537.36"
73.95.134.230 - - [05/Mar/2018:23:38:34 +0000] "GET /chals HTTP/1.1" 200 3133 "http://67.176.119.106:8000/challenges" "Mozilla/5.0 (Macintosh; Intel Mac OS X 10_11_6) AppleWebKit/537.36 (KHTML, like Gecko) Chrome/64.0.3282.186 Safari/537.36"
73.95.134.230 - - [05/Mar/2018:23:38:34 +0000] "GET /chals/solves HTTP/1.1" 200 44 "http://67.176.119.106:8000/challenges" "Mozilla/5.0 (Macintosh; Intel Mac OS X 10_11_6) AppleWebKit/537.36 (KHTML, like Gecko) Chrome/64.0.3282.186 Safari/537.36"
72.1.111.145 - - [05/Mar/2018:23:38:58 +0000] "GET /admin/graphs/solves HTTP/1.1" 200 10 "http://67.176.119.106:8000/admin/statistics" "Mozilla/5.0 (X11; CrOS x86_64 10032.86.0) AppleWebKit/537.36 (KHTML, like Gecko) Chrome/63.0.3239.140 Safari/537.36"
72.1.111.145 - - [05/Mar/2018:23:38:58 +0000] "GET /admin/graphs/categories HTTP/1.1" 200 164 "http://67.176.119.106:8000/admin/statistics" "Mozilla/5.0 (X11; CrOS x86_64 10032.86.0) AppleWebKit/537.36 (KHTML, like Gecko) Chrome/63.0.3239.140 Safari/537.36"
72.1.111.145 - - [05/Mar/2018:23:38:58 +0000] "GET /admin/graphs/solve-percentages HTTP/1.1" 200 356 "http://67.176.119.106:8000/admin/statistics" "Mozilla/5.0 (X11; CrOS x86_64 10032.86.0) AppleWebKit/537.36 (KHTML, like Gecko) Chrome/63.0.3239.140 Safari/537.36"
72.1.111.145 - - [05/Mar/2018:23:38:58 +0000] "GET /admin/fails/all HTTP/1.1" 200 27 "http://67.176.119.106:8000/admin/statistics" "Mozilla/5.0 (X11; CrOS x86_64 10032.86.0) AppleWebKit/537.36 (KHTML, like Gecko) Chrome/63.0.3239.140 Safari/537.36"
73.95.134.230 - - [05/Mar/2018:23:42:15 +0000] "GET /solves HTTP/1.1" 200 718 "http://67.176.119.106:8000/challenges" "Mozilla/5.0 (Macintosh; Intel Mac OS X 10_11_6) AppleWebKit/537.36 (KHTML, like Gecko) Chrome/64.0.3282.186 Safari/537.36"
73.95.134.230 - - [05/Mar/2018:23:42:15 +0000] "GET /chals HTTP/1.1" 200 3133 "http://67.176.119.106:8000/challenges" "Mozilla/5.0 (Macintosh; Intel Mac OS X 10_11_6) AppleWebKit/537.36 (KHTML, like Gecko) Chrome/64.0.3282.186 Safari/537.36"
73.95.134.230 - - [05/Mar/2018:23:42:15 +0000] "GET /chals/solves HTTP/1.1" 200 44 "http://67.176.119.106:8000/challenges" "Mozilla/5.0 (Macintosh; Intel Mac OS X 10_11_6) AppleWebKit/537.36 (KHTML, like Gecko) Chrome/64.0.3282.186 Safari/537.36"
73.95.134.230 - - [05/Mar/2018:23:43:34 +0000] "GET /solves HTTP/1.1" 200 718 "http://67.176.119.106:8000/challenges" "Mozilla/5.0 (Macintosh; Intel Mac OS X 10_11_6) AppleWebKit/537.36 (KHTML, like Gecko) Chrome/64.0.3282.186 Safari/537.36"
73.95.134.230 - - [05/Mar/2018:23:43:34 +0000] "GET /chals HTTP/1.1" 200 3133 "http://67.176.119.106:8000/challenges" "Mozilla/5.0 (Macintosh; Intel Mac OS X 10_11_6) AppleWebKit/537.36 (KHTML, like Gecko) Chrome/64.0.3282.186 Safari/537.36"
73.95.134.230 - - [05/Mar/2018:23:43:34 +0000] "GET /chals/solves HTTP/1.1" 200 44 "http://67.176.119.106:8000/challenges" "Mozilla/5.0 (Macintosh; Intel Mac OS X 10_11_6) AppleWebKit/537.36 (KHTML, like Gecko) Chrome/64.0.3282.186 Safari/537.36"
72.1.111.145 - - [05/Mar/2018:23:43:58 +0000] "GET /admin/graphs/solves HTTP/1.1" 200 10 "http://67.176.119.106:8000/admin/statistics" "Mozilla/5.0 (X11; CrOS x86_64 10032.86.0) AppleWebKit/537.36 (KHTML, like Gecko) Chrome/63.0.3239.140 Safari/537.36"
72.1.111.145 - - [05/Mar/2018:23:43:58 +0000] "GET /admin/fails/all HTTP/1.1" 200 27 "http://67.176.119.106:8000/admin/statistics" "Mozilla/5.0 (X11; CrOS x86_64 10032.86.0) AppleWebKit/537.36 (KHTML, like Gecko) Chrome/63.0.3239.140 Safari/537.36"
72.1.111.145 - - [05/Mar/2018:23:43:58 +0000] "GET /admin/graphs/solve-percentages HTTP/1.1" 200 356 "http://67.176.119.106:8000/admin/statistics" "Mozilla/5.0 (X11; CrOS x86_64 10032.86.0) AppleWebKit/537.36 (KHTML, like Gecko) Chrome/63.0.3239.140 Safari/537.36"
72.1.111.145 - - [05/Mar/2018:23:43:58 +0000] "GET /admin/graphs/categories HTTP/1.1" 200 164 "http://67.176.119.106:8000/admin/statistics" "Mozilla/5.0 (X11; CrOS x86_64 10032.86.0) AppleWebKit/537.36 (KHTML, like Gecko) Chrome/63.0.3239.140 Safari/537.36"
73.95.134.230 - - [05/Mar/2018:23:47:14 +0000] "GET /solves HTTP/1.1" 200 718 "http://67.176.119.106:8000/challenges" "Mozilla/5.0 (Macintosh; Intel Mac OS X 10_11_6) AppleWebKit/537.36 (KHTML, like Gecko) Chrome/64.0.3282.186 Safari/537.36"
73.95.134.230 - - [05/Mar/2018:23:47:15 +0000] "GET /chals HTTP/1.1" 200 3133 "http://67.176.119.106:8000/challenges" "Mozilla/5.0 (Macintosh; Intel Mac OS X 10_11_6) AppleWebKit/537.36 (KHTML, like Gecko) Chrome/64.0.3282.186 Safari/537.36"
73.95.134.230 - - [05/Mar/2018:23:47:15 +0000] "GET /chals/solves HTTP/1.1" 200 44 "http://67.176.119.106:8000/challenges" "Mozilla/5.0 (Macintosh; Intel Mac OS X 10_11_6) AppleWebKit/537.36 (KHTML, like Gecko) Chrome/64.0.3282.186 Safari/537.36"
73.95.134.230 - - [05/Mar/2018:23:48:33 +0000] "GET /solves HTTP/1.1" 200 718 "http://67.176.119.106:8000/challenges" "Mozilla/5.0 (Macintosh; Intel Mac OS X 10_11_6) AppleWebKit/537.36 (KHTML, like Gecko) Chrome/64.0.3282.186 Safari/537.36"
73.95.134.230 - - [05/Mar/2018:23:48:34 +0000] "GET /chals HTTP/1.1" 200 3133 "http://67.176.119.106:8000/challenges" "Mozilla/5.0 (Macintosh; Intel Mac OS X 10_11_6) AppleWebKit/537.36 (KHTML, like Gecko) Chrome/64.0.3282.186 Safari/537.36"
73.95.134.230 - - [05/Mar/2018:23:48:34 +0000] "GET /chals/solves HTTP/1.1" 200 44 "http://67.176.119.106:8000/challenges" "Mozilla/5.0 (Macintosh; Intel Mac OS X 10_11_6) AppleWebKit/537.36 (KHTML, like Gecko) Chrome/64.0.3282.186 Safari/537.36"
72.1.111.145 - - [05/Mar/2018:23:48:58 +0000] "GET /admin/graphs/solves HTTP/1.1" 200 10 "http://67.176.119.106:8000/admin/statistics" "Mozilla/5.0 (X11; CrOS x86_64 10032.86.0) AppleWebKit/537.36 (KHTML, like Gecko) Chrome/63.0.3239.140 Safari/537.36"
72.1.111.145 - - [05/Mar/2018:23:48:58 +0000] "GET /admin/graphs/categories HTTP/1.1" 200 164 "http://67.176.119.106:8000/admin/statistics" "Mozilla/5.0 (X11; CrOS x86_64 10032.86.0) AppleWebKit/537.36 (KHTML, like Gecko) Chrome/63.0.3239.140 Safari/537.36"
72.1.111.145 - - [05/Mar/2018:23:48:58 +0000] "GET /admin/fails/all HTTP/1.1" 200 27 "http://67.176.119.106:8000/admin/statistics" "Mozilla/5.0 (X11; CrOS x86_64 10032.86.0) AppleWebKit/537.36 (KHTML, like Gecko) Chrome/63.0.3239.140 Safari/537.36"
72.1.111.145 - - [05/Mar/2018:23:48:58 +0000] "GET /admin/graphs/solve-percentages HTTP/1.1" 200 356 "http://67.176.119.106:8000/admin/statistics" "Mozilla/5.0 (X11; CrOS x86_64 10032.86.0) AppleWebKit/537.36 (KHTML, like Gecko) Chrome/63.0.3239.140 Safari/537.36"
73.95.134.230 - - [05/Mar/2018:23:52:15 +0000] "GET /solves HTTP/1.1" 200 718 "http://67.176.119.106:8000/challenges" "Mozilla/5.0 (Macintosh; Intel Mac OS X 10_11_6) AppleWebKit/537.36 (KHTML, like Gecko) Chrome/64.0.3282.186 Safari/537.36"
73.95.134.230 - - [05/Mar/2018:23:52:15 +0000] "GET /chals HTTP/1.1" 200 3133 "http://67.176.119.106:8000/challenges" "Mozilla/5.0 (Macintosh; Intel Mac OS X 10_11_6) AppleWebKit/537.36 (KHTML, like Gecko) Chrome/64.0.3282.186 Safari/537.36"
73.95.134.230 - - [05/Mar/2018:23:52:15 +0000] "GET /chals/solves HTTP/1.1" 200 44 "http://67.176.119.106:8000/challenges" "Mozilla/5.0 (Macintosh; Intel Mac OS X 10_11_6) AppleWebKit/537.36 (KHTML, like Gecko) Chrome/64.0.3282.186 Safari/537.36"
73.95.134.230 - - [05/Mar/2018:23:53:33 +0000] "GET /solves HTTP/1.1" 200 718 "http://67.176.119.106:8000/challenges" "Mozilla/5.0 (Macintosh; Intel Mac OS X 10_11_6) AppleWebKit/537.36 (KHTML, like Gecko) Chrome/64.0.3282.186 Safari/537.36"
73.95.134.230 - - [05/Mar/2018:23:53:34 +0000] "GET /chals HTTP/1.1" 200 3133 "http://67.176.119.106:8000/challenges" "Mozilla/5.0 (Macintosh; Intel Mac OS X 10_11_6) AppleWebKit/537.36 (KHTML, like Gecko) Chrome/64.0.3282.186 Safari/537.36"
73.95.134.230 - - [05/Mar/2018:23:53:34 +0000] "GET /chals/solves HTTP/1.1" 200 44 "http://67.176.119.106:8000/challenges" "Mozilla/5.0 (Macintosh; Intel Mac OS X 10_11_6) AppleWebKit/537.36 (KHTML, like Gecko) Chrome/64.0.3282.186 Safari/537.36"
72.1.111.145 - - [05/Mar/2018:23:53:58 +0000] "GET /admin/fails/all HTTP/1.1" 200 27 "http://67.176.119.106:8000/admin/statistics" "Mozilla/5.0 (X11; CrOS x86_64 10032.86.0) AppleWebKit/537.36 (KHTML, like Gecko) Chrome/63.0.3239.140 Safari/537.36"
72.1.111.145 - - [05/Mar/2018:23:53:58 +0000] "GET /admin/graphs/solve-percentages HTTP/1.1" 200 356 "http://67.176.119.106:8000/admin/statistics" "Mozilla/5.0 (X11; CrOS x86_64 10032.86.0) AppleWebKit/537.36 (KHTML, like Gecko) Chrome/63.0.3239.140 Safari/537.36"
72.1.111.145 - - [05/Mar/2018:23:53:58 +0000] "GET /admin/graphs/solves HTTP/1.1" 200 10 "http://67.176.119.106:8000/admin/statistics" "Mozilla/5.0 (X11; CrOS x86_64 10032.86.0) AppleWebKit/537.36 (KHTML, like Gecko) Chrome/63.0.3239.140 Safari/537.36"
72.1.111.145 - - [05/Mar/2018:23:53:58 +0000] "GET /admin/graphs/categories HTTP/1.1" 200 164 "http://67.176.119.106:8000/admin/statistics" "Mozilla/5.0 (X11; CrOS x86_64 10032.86.0) AppleWebKit/537.36 (KHTML, like Gecko) Chrome/63.0.3239.140 Safari/537.36"
73.95.134.230 - - [05/Mar/2018:23:57:15 +0000] "GET /solves HTTP/1.1" 200 718 "http://67.176.119.106:8000/challenges" "Mozilla/5.0 (Macintosh; Intel Mac OS X 10_11_6) AppleWebKit/537.36 (KHTML, like Gecko) Chrome/64.0.3282.186 Safari/537.36"
73.95.134.230 - - [05/Mar/2018:23:57:15 +0000] "GET /chals HTTP/1.1" 200 3133 "http://67.176.119.106:8000/challenges" "Mozilla/5.0 (Macintosh; Intel Mac OS X 10_11_6) AppleWebKit/537.36 (KHTML, like Gecko) Chrome/64.0.3282.186 Safari/537.36"
73.95.134.230 - - [05/Mar/2018:23:57:15 +0000] "GET /chals/solves HTTP/1.1" 200 44 "http://67.176.119.106:8000/challenges" "Mozilla/5.0 (Macintosh; Intel Mac OS X 10_11_6) AppleWebKit/537.36 (KHTML, like Gecko) Chrome/64.0.3282.186 Safari/537.36"
73.95.134.230 - - [05/Mar/2018:23:58:34 +0000] "GET /solves HTTP/1.1" 200 718 "http://67.176.119.106:8000/challenges" "Mozilla/5.0 (Macintosh; Intel Mac OS X 10_11_6) AppleWebKit/537.36 (KHTML, like Gecko) Chrome/64.0.3282.186 Safari/537.36"
73.95.134.230 - - [05/Mar/2018:23:58:34 +0000] "GET /chals HTTP/1.1" 200 3133 "http://67.176.119.106:8000/challenges" "Mozilla/5.0 (Macintosh; Intel Mac OS X 10_11_6) AppleWebKit/537.36 (KHTML, like Gecko) Chrome/64.0.3282.186 Safari/537.36"
73.95.134.230 - - [05/Mar/2018:23:58:34 +0000] "GET /chals/solves HTTP/1.1" 200 44 "http://67.176.119.106:8000/challenges" "Mozilla/5.0 (Macintosh; Intel Mac OS X 10_11_6) AppleWebKit/537.36 (KHTML, like Gecko) Chrome/64.0.3282.186 Safari/537.36"
72.1.111.145 - - [05/Mar/2018:23:58:58 +0000] "GET /admin/graphs/categories HTTP/1.1" 200 164 "http://67.176.119.106:8000/admin/statistics" "Mozilla/5.0 (X11; CrOS x86_64 10032.86.0) AppleWebKit/537.36 (KHTML, like Gecko) Chrome/63.0.3239.140 Safari/537.36"
72.1.111.145 - - [05/Mar/2018:23:58:58 +0000] "GET /admin/fails/all HTTP/1.1" 200 27 "http://67.176.119.106:8000/admin/statistics" "Mozilla/5.0 (X11; CrOS x86_64 10032.86.0) AppleWebKit/537.36 (KHTML, like Gecko) Chrome/63.0.3239.140 Safari/537.36"
72.1.111.145 - - [05/Mar/2018:23:58:58 +0000] "GET /admin/graphs/solves HTTP/1.1" 200 10 "http://67.176.119.106:8000/admin/statistics" "Mozilla/5.0 (X11; CrOS x86_64 10032.86.0) AppleWebKit/537.36 (KHTML, like Gecko) Chrome/63.0.3239.140 Safari/537.36"
72.1.111.145 - - [05/Mar/2018:23:58:58 +0000] "GET /admin/graphs/solve-percentages HTTP/1.1" 200 356 "http://67.176.119.106:8000/admin/statistics" "Mozilla/5.0 (X11; CrOS x86_64 10032.86.0) AppleWebKit/537.36 (KHTML, like Gecko) Chrome/63.0.3239.140 Safari/537.36"
73.95.134.230 - - [06/Mar/2018:00:02:14 +0000] "GET /solves HTTP/1.1" 200 718 "http://67.176.119.106:8000/challenges" "Mozilla/5.0 (Macintosh; Intel Mac OS X 10_11_6) AppleWebKit/537.36 (KHTML, like Gecko) Chrome/64.0.3282.186 Safari/537.36"
73.95.134.230 - - [06/Mar/2018:00:02:15 +0000] "GET /chals HTTP/1.1" 200 3133 "http://67.176.119.106:8000/challenges" "Mozilla/5.0 (Macintosh; Intel Mac OS X 10_11_6) AppleWebKit/537.36 (KHTML, like Gecko) Chrome/64.0.3282.186 Safari/537.36"
73.95.134.230 - - [06/Mar/2018:00:02:15 +0000] "GET /chals/solves HTTP/1.1" 200 44 "http://67.176.119.106:8000/challenges" "Mozilla/5.0 (Macintosh; Intel Mac OS X 10_11_6) AppleWebKit/537.36 (KHTML, like Gecko) Chrome/64.0.3282.186 Safari/537.36"
73.95.134.230 - - [06/Mar/2018:00:03:34 +0000] "GET /solves HTTP/1.1" 200 718 "http://67.176.119.106:8000/challenges" "Mozilla/5.0 (Macintosh; Intel Mac OS X 10_11_6) AppleWebKit/537.36 (KHTML, like Gecko) Chrome/64.0.3282.186 Safari/537.36"
73.95.134.230 - - [06/Mar/2018:00:03:34 +0000] "GET /chals HTTP/1.1" 200 3133 "http://67.176.119.106:8000/challenges" "Mozilla/5.0 (Macintosh; Intel Mac OS X 10_11_6) AppleWebKit/537.36 (KHTML, like Gecko) Chrome/64.0.3282.186 Safari/537.36"
73.95.134.230 - - [06/Mar/2018:00:03:34 +0000] "GET /chals/solves HTTP/1.1" 200 44 "http://67.176.119.106:8000/challenges" "Mozilla/5.0 (Macintosh; Intel Mac OS X 10_11_6) AppleWebKit/537.36 (KHTML, like Gecko) Chrome/64.0.3282.186 Safari/537.36"
72.1.111.145 - - [06/Mar/2018:00:03:58 +0000] "GET /admin/fails/all HTTP/1.1" 200 27 "http://67.176.119.106:8000/admin/statistics" "Mozilla/5.0 (X11; CrOS x86_64 10032.86.0) AppleWebKit/537.36 (KHTML, like Gecko) Chrome/63.0.3239.140 Safari/537.36"
72.1.111.145 - - [06/Mar/2018:00:03:58 +0000] "GET /admin/graphs/categories HTTP/1.1" 200 164 "http://67.176.119.106:8000/admin/statistics" "Mozilla/5.0 (X11; CrOS x86_64 10032.86.0) AppleWebKit/537.36 (KHTML, like Gecko) Chrome/63.0.3239.140 Safari/537.36"
72.1.111.145 - - [06/Mar/2018:00:03:58 +0000] "GET /admin/graphs/solves HTTP/1.1" 200 10 "http://67.176.119.106:8000/admin/statistics" "Mozilla/5.0 (X11; CrOS x86_64 10032.86.0) AppleWebKit/537.36 (KHTML, like Gecko) Chrome/63.0.3239.140 Safari/537.36"
72.1.111.145 - - [06/Mar/2018:00:03:58 +0000] "GET /admin/graphs/solve-percentages HTTP/1.1" 200 356 "http://67.176.119.106:8000/admin/statistics" "Mozilla/5.0 (X11; CrOS x86_64 10032.86.0) AppleWebKit/537.36 (KHTML, like Gecko) Chrome/63.0.3239.140 Safari/537.36"
73.95.134.230 - - [06/Mar/2018:00:07:15 +0000] "GET /solves HTTP/1.1" 200 718 "http://67.176.119.106:8000/challenges" "Mozilla/5.0 (Macintosh; Intel Mac OS X 10_11_6) AppleWebKit/537.36 (KHTML, like Gecko) Chrome/64.0.3282.186 Safari/537.36"
73.95.134.230 - - [06/Mar/2018:00:07:15 +0000] "GET /chals HTTP/1.1" 200 3133 "http://67.176.119.106:8000/challenges" "Mozilla/5.0 (Macintosh; Intel Mac OS X 10_11_6) AppleWebKit/537.36 (KHTML, like Gecko) Chrome/64.0.3282.186 Safari/537.36"
73.95.134.230 - - [06/Mar/2018:00:07:15 +0000] "GET /chals/solves HTTP/1.1" 200 44 "http://67.176.119.106:8000/challenges" "Mozilla/5.0 (Macintosh; Intel Mac OS X 10_11_6) AppleWebKit/537.36 (KHTML, like Gecko) Chrome/64.0.3282.186 Safari/537.36"
73.95.134.230 - - [06/Mar/2018:00:08:34 +0000] "GET /solves HTTP/1.1" 200 718 "http://67.176.119.106:8000/challenges" "Mozilla/5.0 (Macintosh; Intel Mac OS X 10_11_6) AppleWebKit/537.36 (KHTML, like Gecko) Chrome/64.0.3282.186 Safari/537.36"
73.95.134.230 - - [06/Mar/2018:00:08:34 +0000] "GET /chals HTTP/1.1" 200 3133 "http://67.176.119.106:8000/challenges" "Mozilla/5.0 (Macintosh; Intel Mac OS X 10_11_6) AppleWebKit/537.36 (KHTML, like Gecko) Chrome/64.0.3282.186 Safari/537.36"
73.95.134.230 - - [06/Mar/2018:00:08:34 +0000] "GET /chals/solves HTTP/1.1" 200 44 "http://67.176.119.106:8000/challenges" "Mozilla/5.0 (Macintosh; Intel Mac OS X 10_11_6) AppleWebKit/537.36 (KHTML, like Gecko) Chrome/64.0.3282.186 Safari/537.36"
73.95.134.230 - - [06/Mar/2018:00:12:15 +0000] "GET /solves HTTP/1.1" 200 718 "http://67.176.119.106:8000/challenges" "Mozilla/5.0 (Macintosh; Intel Mac OS X 10_11_6) AppleWebKit/537.36 (KHTML, like Gecko) Chrome/64.0.3282.186 Safari/537.36"
73.95.134.230 - - [06/Mar/2018:00:12:15 +0000] "GET /chals HTTP/1.1" 200 3133 "http://67.176.119.106:8000/challenges" "Mozilla/5.0 (Macintosh; Intel Mac OS X 10_11_6) AppleWebKit/537.36 (KHTML, like Gecko) Chrome/64.0.3282.186 Safari/537.36"
73.95.134.230 - - [06/Mar/2018:00:12:15 +0000] "GET /chals/solves HTTP/1.1" 200 44 "http://67.176.119.106:8000/challenges" "Mozilla/5.0 (Macintosh; Intel Mac OS X 10_11_6) AppleWebKit/537.36 (KHTML, like Gecko) Chrome/64.0.3282.186 Safari/537.36"
73.95.134.230 - - [06/Mar/2018:00:13:34 +0000] "GET /solves HTTP/1.1" 200 718 "http://67.176.119.106:8000/challenges" "Mozilla/5.0 (Macintosh; Intel Mac OS X 10_11_6) AppleWebKit/537.36 (KHTML, like Gecko) Chrome/64.0.3282.186 Safari/537.36"
73.95.134.230 - - [06/Mar/2018:00:13:34 +0000] "GET /chals HTTP/1.1" 200 3133 "http://67.176.119.106:8000/challenges" "Mozilla/5.0 (Macintosh; Intel Mac OS X 10_11_6) AppleWebKit/537.36 (KHTML, like Gecko) Chrome/64.0.3282.186 Safari/537.36"
73.95.134.230 - - [06/Mar/2018:00:13:34 +0000] "GET /chals/solves HTTP/1.1" 200 44 "http://67.176.119.106:8000/challenges" "Mozilla/5.0 (Macintosh; Intel Mac OS X 10_11_6) AppleWebKit/537.36 (KHTML, like Gecko) Chrome/64.0.3282.186 Safari/537.36"
73.95.134.230 - - [06/Mar/2018:00:17:15 +0000] "GET /solves HTTP/1.1" 200 718 "http://67.176.119.106:8000/challenges" "Mozilla/5.0 (Macintosh; Intel Mac OS X 10_11_6) AppleWebKit/537.36 (KHTML, like Gecko) Chrome/64.0.3282.186 Safari/537.36"
73.95.134.230 - - [06/Mar/2018:00:17:15 +0000] "GET /chals HTTP/1.1" 200 3133 "http://67.176.119.106:8000/challenges" "Mozilla/5.0 (Macintosh; Intel Mac OS X 10_11_6) AppleWebKit/537.36 (KHTML, like Gecko) Chrome/64.0.3282.186 Safari/537.36"
73.95.134.230 - - [06/Mar/2018:00:17:15 +0000] "GET /chals/solves HTTP/1.1" 200 44 "http://67.176.119.106:8000/challenges" "Mozilla/5.0 (Macintosh; Intel Mac OS X 10_11_6) AppleWebKit/537.36 (KHTML, like Gecko) Chrome/64.0.3282.186 Safari/537.36"
72.1.111.145 - - [06/Mar/2018:00:18:18 +0000] "GET /admin/graphs/solves HTTP/1.1" 200 10 "http://67.176.119.106:8000/admin/statistics" "Mozilla/5.0 (X11; CrOS x86_64 10032.86.0) AppleWebKit/537.36 (KHTML, like Gecko) Chrome/63.0.3239.140 Safari/537.36"
72.1.111.145 - - [06/Mar/2018:00:18:18 +0000] "GET /admin/graphs/solve-percentages HTTP/1.1" 200 356 "http://67.176.119.106:8000/admin/statistics" "Mozilla/5.0 (X11; CrOS x86_64 10032.86.0) AppleWebKit/537.36 (KHTML, like Gecko) Chrome/63.0.3239.140 Safari/537.36"
72.1.111.145 - - [06/Mar/2018:00:18:18 +0000] "GET /admin/graphs/categories HTTP/1.1" 200 164 "http://67.176.119.106:8000/admin/statistics" "Mozilla/5.0 (X11; CrOS x86_64 10032.86.0) AppleWebKit/537.36 (KHTML, like Gecko) Chrome/63.0.3239.140 Safari/537.36"
72.1.111.145 - - [06/Mar/2018:00:18:18 +0000] "GET /admin/fails/all HTTP/1.1" 200 27 "http://67.176.119.106:8000/admin/statistics" "Mozilla/5.0 (X11; CrOS x86_64 10032.86.0) AppleWebKit/537.36 (KHTML, like Gecko) Chrome/63.0.3239.140 Safari/537.36"
73.95.134.230 - - [06/Mar/2018:00:18:34 +0000] "GET /solves HTTP/1.1" 200 718 "http://67.176.119.106:8000/challenges" "Mozilla/5.0 (Macintosh; Intel Mac OS X 10_11_6) AppleWebKit/537.36 (KHTML, like Gecko) Chrome/64.0.3282.186 Safari/537.36"
73.95.134.230 - - [06/Mar/2018:00:18:34 +0000] "GET /chals HTTP/1.1" 200 3133 "http://67.176.119.106:8000/challenges" "Mozilla/5.0 (Macintosh; Intel Mac OS X 10_11_6) AppleWebKit/537.36 (KHTML, like Gecko) Chrome/64.0.3282.186 Safari/537.36"
73.95.134.230 - - [06/Mar/2018:00:18:34 +0000] "GET /chals/solves HTTP/1.1" 200 44 "http://67.176.119.106:8000/challenges" "Mozilla/5.0 (Macintosh; Intel Mac OS X 10_11_6) AppleWebKit/537.36 (KHTML, like Gecko) Chrome/64.0.3282.186 Safari/537.36"
73.95.134.230 - - [06/Mar/2018:00:22:15 +0000] "GET /solves HTTP/1.1" 200 718 "http://67.176.119.106:8000/challenges" "Mozilla/5.0 (Macintosh; Intel Mac OS X 10_11_6) AppleWebKit/537.36 (KHTML, like Gecko) Chrome/64.0.3282.186 Safari/537.36"
73.95.134.230 - - [06/Mar/2018:00:22:15 +0000] "GET /chals HTTP/1.1" 200 3133 "http://67.176.119.106:8000/challenges" "Mozilla/5.0 (Macintosh; Intel Mac OS X 10_11_6) AppleWebKit/537.36 (KHTML, like Gecko) Chrome/64.0.3282.186 Safari/537.36"
73.95.134.230 - - [06/Mar/2018:00:22:15 +0000] "GET /chals/solves HTTP/1.1" 200 44 "http://67.176.119.106:8000/challenges" "Mozilla/5.0 (Macintosh; Intel Mac OS X 10_11_6) AppleWebKit/537.36 (KHTML, like Gecko) Chrome/64.0.3282.186 Safari/537.36"
72.1.111.145 - - [06/Mar/2018:00:23:18 +0000] "GET /admin/graphs/solves HTTP/1.1" 200 10 "http://67.176.119.106:8000/admin/statistics" "Mozilla/5.0 (X11; CrOS x86_64 10032.86.0) AppleWebKit/537.36 (KHTML, like Gecko) Chrome/63.0.3239.140 Safari/537.36"
72.1.111.145 - - [06/Mar/2018:00:23:18 +0000] "GET /admin/fails/all HTTP/1.1" 200 27 "http://67.176.119.106:8000/admin/statistics" "Mozilla/5.0 (X11; CrOS x86_64 10032.86.0) AppleWebKit/537.36 (KHTML, like Gecko) Chrome/63.0.3239.140 Safari/537.36"
72.1.111.145 - - [06/Mar/2018:00:23:18 +0000] "GET /admin/graphs/categories HTTP/1.1" 200 164 "http://67.176.119.106:8000/admin/statistics" "Mozilla/5.0 (X11; CrOS x86_64 10032.86.0) AppleWebKit/537.36 (KHTML, like Gecko) Chrome/63.0.3239.140 Safari/537.36"
72.1.111.145 - - [06/Mar/2018:00:23:18 +0000] "GET /admin/graphs/solve-percentages HTTP/1.1" 200 356 "http://67.176.119.106:8000/admin/statistics" "Mozilla/5.0 (X11; CrOS x86_64 10032.86.0) AppleWebKit/537.36 (KHTML, like Gecko) Chrome/63.0.3239.140 Safari/537.36"
73.95.134.230 - - [06/Mar/2018:00:23:34 +0000] "GET /solves HTTP/1.1" 200 718 "http://67.176.119.106:8000/challenges" "Mozilla/5.0 (Macintosh; Intel Mac OS X 10_11_6) AppleWebKit/537.36 (KHTML, like Gecko) Chrome/64.0.3282.186 Safari/537.36"
73.95.134.230 - - [06/Mar/2018:00:23:34 +0000] "GET /chals HTTP/1.1" 200 3133 "http://67.176.119.106:8000/challenges" "Mozilla/5.0 (Macintosh; Intel Mac OS X 10_11_6) AppleWebKit/537.36 (KHTML, like Gecko) Chrome/64.0.3282.186 Safari/537.36"
73.95.134.230 - - [06/Mar/2018:00:23:34 +0000] "GET /chals/solves HTTP/1.1" 200 44 "http://67.176.119.106:8000/challenges" "Mozilla/5.0 (Macintosh; Intel Mac OS X 10_11_6) AppleWebKit/537.36 (KHTML, like Gecko) Chrome/64.0.3282.186 Safari/537.36"
73.95.134.230 - - [06/Mar/2018:00:27:15 +0000] "GET /solves HTTP/1.1" 200 718 "http://67.176.119.106:8000/challenges" "Mozilla/5.0 (Macintosh; Intel Mac OS X 10_11_6) AppleWebKit/537.36 (KHTML, like Gecko) Chrome/64.0.3282.186 Safari/537.36"
73.95.134.230 - - [06/Mar/2018:00:27:15 +0000] "GET /chals HTTP/1.1" 200 3133 "http://67.176.119.106:8000/challenges" "Mozilla/5.0 (Macintosh; Intel Mac OS X 10_11_6) AppleWebKit/537.36 (KHTML, like Gecko) Chrome/64.0.3282.186 Safari/537.36"
73.95.134.230 - - [06/Mar/2018:00:27:15 +0000] "GET /chals/solves HTTP/1.1" 200 44 "http://67.176.119.106:8000/challenges" "Mozilla/5.0 (Macintosh; Intel Mac OS X 10_11_6) AppleWebKit/537.36 (KHTML, like Gecko) Chrome/64.0.3282.186 Safari/537.36"
72.1.111.145 - - [06/Mar/2018:00:28:18 +0000] "GET /admin/graphs/solves HTTP/1.1" 200 10 "http://67.176.119.106:8000/admin/statistics" "Mozilla/5.0 (X11; CrOS x86_64 10032.86.0) AppleWebKit/537.36 (KHTML, like Gecko) Chrome/63.0.3239.140 Safari/537.36"
72.1.111.145 - - [06/Mar/2018:00:28:18 +0000] "GET /admin/fails/all HTTP/1.1" 200 27 "http://67.176.119.106:8000/admin/statistics" "Mozilla/5.0 (X11; CrOS x86_64 10032.86.0) AppleWebKit/537.36 (KHTML, like Gecko) Chrome/63.0.3239.140 Safari/537.36"
72.1.111.145 - - [06/Mar/2018:00:28:18 +0000] "GET /admin/graphs/categories HTTP/1.1" 200 164 "http://67.176.119.106:8000/admin/statistics" "Mozilla/5.0 (X11; CrOS x86_64 10032.86.0) AppleWebKit/537.36 (KHTML, like Gecko) Chrome/63.0.3239.140 Safari/537.36"
72.1.111.145 - - [06/Mar/2018:00:28:18 +0000] "GET /admin/graphs/solve-percentages HTTP/1.1" 200 356 "http://67.176.119.106:8000/admin/statistics" "Mozilla/5.0 (X11; CrOS x86_64 10032.86.0) AppleWebKit/537.36 (KHTML, like Gecko) Chrome/63.0.3239.140 Safari/537.36"
73.95.134.230 - - [06/Mar/2018:00:28:34 +0000] "GET /solves HTTP/1.1" 200 718 "http://67.176.119.106:8000/challenges" "Mozilla/5.0 (Macintosh; Intel Mac OS X 10_11_6) AppleWebKit/537.36 (KHTML, like Gecko) Chrome/64.0.3282.186 Safari/537.36"
73.95.134.230 - - [06/Mar/2018:00:28:34 +0000] "GET /chals HTTP/1.1" 200 3133 "http://67.176.119.106:8000/challenges" "Mozilla/5.0 (Macintosh; Intel Mac OS X 10_11_6) AppleWebKit/537.36 (KHTML, like Gecko) Chrome/64.0.3282.186 Safari/537.36"
73.95.134.230 - - [06/Mar/2018:00:28:34 +0000] "GET /chals/solves HTTP/1.1" 200 44 "http://67.176.119.106:8000/challenges" "Mozilla/5.0 (Macintosh; Intel Mac OS X 10_11_6) AppleWebKit/537.36 (KHTML, like Gecko) Chrome/64.0.3282.186 Safari/537.36"
73.95.134.230 - - [06/Mar/2018:00:32:15 +0000] "GET /solves HTTP/1.1" 200 718 "http://67.176.119.106:8000/challenges" "Mozilla/5.0 (Macintosh; Intel Mac OS X 10_11_6) AppleWebKit/537.36 (KHTML, like Gecko) Chrome/64.0.3282.186 Safari/537.36"
73.95.134.230 - - [06/Mar/2018:00:32:15 +0000] "GET /chals HTTP/1.1" 200 3133 "http://67.176.119.106:8000/challenges" "Mozilla/5.0 (Macintosh; Intel Mac OS X 10_11_6) AppleWebKit/537.36 (KHTML, like Gecko) Chrome/64.0.3282.186 Safari/537.36"
73.95.134.230 - - [06/Mar/2018:00:32:15 +0000] "GET /chals/solves HTTP/1.1" 200 44 "http://67.176.119.106:8000/challenges" "Mozilla/5.0 (Macintosh; Intel Mac OS X 10_11_6) AppleWebKit/537.36 (KHTML, like Gecko) Chrome/64.0.3282.186 Safari/537.36"
73.95.134.230 - - [06/Mar/2018:00:33:34 +0000] "GET /solves HTTP/1.1" 200 718 "http://67.176.119.106:8000/challenges" "Mozilla/5.0 (Macintosh; Intel Mac OS X 10_11_6) AppleWebKit/537.36 (KHTML, like Gecko) Chrome/64.0.3282.186 Safari/537.36"
73.95.134.230 - - [06/Mar/2018:00:33:34 +0000] "GET /chals HTTP/1.1" 200 3133 "http://67.176.119.106:8000/challenges" "Mozilla/5.0 (Macintosh; Intel Mac OS X 10_11_6) AppleWebKit/537.36 (KHTML, like Gecko) Chrome/64.0.3282.186 Safari/537.36"
73.95.134.230 - - [06/Mar/2018:00:33:34 +0000] "GET /chals/solves HTTP/1.1" 200 44 "http://67.176.119.106:8000/challenges" "Mozilla/5.0 (Macintosh; Intel Mac OS X 10_11_6) AppleWebKit/537.36 (KHTML, like Gecko) Chrome/64.0.3282.186 Safari/537.36"
73.95.134.230 - - [06/Mar/2018:00:37:15 +0000] "GET /solves HTTP/1.1" 200 718 "http://67.176.119.106:8000/challenges" "Mozilla/5.0 (Macintosh; Intel Mac OS X 10_11_6) AppleWebKit/537.36 (KHTML, like Gecko) Chrome/64.0.3282.186 Safari/537.36"
73.95.134.230 - - [06/Mar/2018:00:37:15 +0000] "GET /chals HTTP/1.1" 200 3133 "http://67.176.119.106:8000/challenges" "Mozilla/5.0 (Macintosh; Intel Mac OS X 10_11_6) AppleWebKit/537.36 (KHTML, like Gecko) Chrome/64.0.3282.186 Safari/537.36"
73.95.134.230 - - [06/Mar/2018:00:37:15 +0000] "GET /chals/solves HTTP/1.1" 200 44 "http://67.176.119.106:8000/challenges" "Mozilla/5.0 (Macintosh; Intel Mac OS X 10_11_6) AppleWebKit/537.36 (KHTML, like Gecko) Chrome/64.0.3282.186 Safari/537.36"
72.1.111.145 - - [06/Mar/2018:00:37:57 +0000] "GET /admin/graphs/solves HTTP/1.1" 200 10 "http://67.176.119.106:8000/admin/statistics" "Mozilla/5.0 (X11; CrOS x86_64 10032.86.0) AppleWebKit/537.36 (KHTML, like Gecko) Chrome/63.0.3239.140 Safari/537.36"
72.1.111.145 - - [06/Mar/2018:00:37:58 +0000] "GET /admin/graphs/solve-percentages HTTP/1.1" 200 356 "http://67.176.119.106:8000/admin/statistics" "Mozilla/5.0 (X11; CrOS x86_64 10032.86.0) AppleWebKit/537.36 (KHTML, like Gecko) Chrome/63.0.3239.140 Safari/537.36"
72.1.111.145 - - [06/Mar/2018:00:37:58 +0000] "GET /admin/fails/all HTTP/1.1" 200 27 "http://67.176.119.106:8000/admin/statistics" "Mozilla/5.0 (X11; CrOS x86_64 10032.86.0) AppleWebKit/537.36 (KHTML, like Gecko) Chrome/63.0.3239.140 Safari/537.36"
72.1.111.145 - - [06/Mar/2018:00:37:58 +0000] "GET /admin/graphs/categories HTTP/1.1" 200 164 "http://67.176.119.106:8000/admin/statistics" "Mozilla/5.0 (X11; CrOS x86_64 10032.86.0) AppleWebKit/537.36 (KHTML, like Gecko) Chrome/63.0.3239.140 Safari/537.36"
73.95.134.230 - - [06/Mar/2018:00:38:34 +0000] "GET /solves HTTP/1.1" 200 718 "http://67.176.119.106:8000/challenges" "Mozilla/5.0 (Macintosh; Intel Mac OS X 10_11_6) AppleWebKit/537.36 (KHTML, like Gecko) Chrome/64.0.3282.186 Safari/537.36"
73.95.134.230 - - [06/Mar/2018:00:38:34 +0000] "GET /chals HTTP/1.1" 200 3133 "http://67.176.119.106:8000/challenges" "Mozilla/5.0 (Macintosh; Intel Mac OS X 10_11_6) AppleWebKit/537.36 (KHTML, like Gecko) Chrome/64.0.3282.186 Safari/537.36"
73.95.134.230 - - [06/Mar/2018:00:38:34 +0000] "GET /chals/solves HTTP/1.1" 200 44 "http://67.176.119.106:8000/challenges" "Mozilla/5.0 (Macintosh; Intel Mac OS X 10_11_6) AppleWebKit/537.36 (KHTML, like Gecko) Chrome/64.0.3282.186 Safari/537.36"
73.95.134.230 - - [06/Mar/2018:00:42:15 +0000] "GET /solves HTTP/1.1" 200 718 "http://67.176.119.106:8000/challenges" "Mozilla/5.0 (Macintosh; Intel Mac OS X 10_11_6) AppleWebKit/537.36 (KHTML, like Gecko) Chrome/64.0.3282.186 Safari/537.36"
73.95.134.230 - - [06/Mar/2018:00:42:15 +0000] "GET /chals HTTP/1.1" 200 3133 "http://67.176.119.106:8000/challenges" "Mozilla/5.0 (Macintosh; Intel Mac OS X 10_11_6) AppleWebKit/537.36 (KHTML, like Gecko) Chrome/64.0.3282.186 Safari/537.36"
73.95.134.230 - - [06/Mar/2018:00:42:15 +0000] "GET /chals/solves HTTP/1.1" 200 44 "http://67.176.119.106:8000/challenges" "Mozilla/5.0 (Macintosh; Intel Mac OS X 10_11_6) AppleWebKit/537.36 (KHTML, like Gecko) Chrome/64.0.3282.186 Safari/537.36"
72.1.111.145 - - [06/Mar/2018:00:42:57 +0000] "GET /admin/graphs/solves HTTP/1.1" 200 10 "http://67.176.119.106:8000/admin/statistics" "Mozilla/5.0 (X11; CrOS x86_64 10032.86.0) AppleWebKit/537.36 (KHTML, like Gecko) Chrome/63.0.3239.140 Safari/537.36"
72.1.111.145 - - [06/Mar/2018:00:42:57 +0000] "GET /admin/graphs/categories HTTP/1.1" 200 164 "http://67.176.119.106:8000/admin/statistics" "Mozilla/5.0 (X11; CrOS x86_64 10032.86.0) AppleWebKit/537.36 (KHTML, like Gecko) Chrome/63.0.3239.140 Safari/537.36"
72.1.111.145 - - [06/Mar/2018:00:42:57 +0000] "GET /admin/graphs/solve-percentages HTTP/1.1" 200 356 "http://67.176.119.106:8000/admin/statistics" "Mozilla/5.0 (X11; CrOS x86_64 10032.86.0) AppleWebKit/537.36 (KHTML, like Gecko) Chrome/63.0.3239.140 Safari/537.36"
72.1.111.145 - - [06/Mar/2018:00:42:58 +0000] "GET /admin/fails/all HTTP/1.1" 200 27 "http://67.176.119.106:8000/admin/statistics" "Mozilla/5.0 (X11; CrOS x86_64 10032.86.0) AppleWebKit/537.36 (KHTML, like Gecko) Chrome/63.0.3239.140 Safari/537.36"
73.95.134.230 - - [06/Mar/2018:00:43:34 +0000] "GET /solves HTTP/1.1" 200 718 "http://67.176.119.106:8000/challenges" "Mozilla/5.0 (Macintosh; Intel Mac OS X 10_11_6) AppleWebKit/537.36 (KHTML, like Gecko) Chrome/64.0.3282.186 Safari/537.36"
73.95.134.230 - - [06/Mar/2018:00:43:34 +0000] "GET /chals HTTP/1.1" 200 3133 "http://67.176.119.106:8000/challenges" "Mozilla/5.0 (Macintosh; Intel Mac OS X 10_11_6) AppleWebKit/537.36 (KHTML, like Gecko) Chrome/64.0.3282.186 Safari/537.36"
73.95.134.230 - - [06/Mar/2018:00:43:34 +0000] "GET /chals/solves HTTP/1.1" 200 44 "http://67.176.119.106:8000/challenges" "Mozilla/5.0 (Macintosh; Intel Mac OS X 10_11_6) AppleWebKit/537.36 (KHTML, like Gecko) Chrome/64.0.3282.186 Safari/537.36"
73.95.134.230 - - [06/Mar/2018:00:47:15 +0000] "GET /solves HTTP/1.1" 200 718 "http://67.176.119.106:8000/challenges" "Mozilla/5.0 (Macintosh; Intel Mac OS X 10_11_6) AppleWebKit/537.36 (KHTML, like Gecko) Chrome/64.0.3282.186 Safari/537.36"
73.95.134.230 - - [06/Mar/2018:00:47:15 +0000] "GET /chals HTTP/1.1" 200 3133 "http://67.176.119.106:8000/challenges" "Mozilla/5.0 (Macintosh; Intel Mac OS X 10_11_6) AppleWebKit/537.36 (KHTML, like Gecko) Chrome/64.0.3282.186 Safari/537.36"
73.95.134.230 - - [06/Mar/2018:00:47:15 +0000] "GET /chals/solves HTTP/1.1" 200 44 "http://67.176.119.106:8000/challenges" "Mozilla/5.0 (Macintosh; Intel Mac OS X 10_11_6) AppleWebKit/537.36 (KHTML, like Gecko) Chrome/64.0.3282.186 Safari/537.36"
72.1.111.145 - - [06/Mar/2018:00:47:57 +0000] "GET /admin/graphs/solves HTTP/1.1" 200 10 "http://67.176.119.106:8000/admin/statistics" "Mozilla/5.0 (X11; CrOS x86_64 10032.86.0) AppleWebKit/537.36 (KHTML, like Gecko) Chrome/63.0.3239.140 Safari/537.36"
72.1.111.145 - - [06/Mar/2018:00:47:57 +0000] "GET /admin/graphs/categories HTTP/1.1" 200 164 "http://67.176.119.106:8000/admin/statistics" "Mozilla/5.0 (X11; CrOS x86_64 10032.86.0) AppleWebKit/537.36 (KHTML, like Gecko) Chrome/63.0.3239.140 Safari/537.36"
72.1.111.145 - - [06/Mar/2018:00:47:57 +0000] "GET /admin/fails/all HTTP/1.1" 200 27 "http://67.176.119.106:8000/admin/statistics" "Mozilla/5.0 (X11; CrOS x86_64 10032.86.0) AppleWebKit/537.36 (KHTML, like Gecko) Chrome/63.0.3239.140 Safari/537.36"
72.1.111.145 - - [06/Mar/2018:00:47:57 +0000] "GET /admin/graphs/solve-percentages HTTP/1.1" 200 356 "http://67.176.119.106:8000/admin/statistics" "Mozilla/5.0 (X11; CrOS x86_64 10032.86.0) AppleWebKit/537.36 (KHTML, like Gecko) Chrome/63.0.3239.140 Safari/537.36"
73.95.134.230 - - [06/Mar/2018:00:48:34 +0000] "GET /solves HTTP/1.1" 200 718 "http://67.176.119.106:8000/challenges" "Mozilla/5.0 (Macintosh; Intel Mac OS X 10_11_6) AppleWebKit/537.36 (KHTML, like Gecko) Chrome/64.0.3282.186 Safari/537.36"
73.95.134.230 - - [06/Mar/2018:00:48:34 +0000] "GET /chals HTTP/1.1" 200 3133 "http://67.176.119.106:8000/challenges" "Mozilla/5.0 (Macintosh; Intel Mac OS X 10_11_6) AppleWebKit/537.36 (KHTML, like Gecko) Chrome/64.0.3282.186 Safari/537.36"
73.95.134.230 - - [06/Mar/2018:00:48:34 +0000] "GET /chals/solves HTTP/1.1" 200 44 "http://67.176.119.106:8000/challenges" "Mozilla/5.0 (Macintosh; Intel Mac OS X 10_11_6) AppleWebKit/537.36 (KHTML, like Gecko) Chrome/64.0.3282.186 Safari/537.36"
